// Jest Snapshot v1, https://goo.gl/fbAQLP

exports[`Header renders correctly 1`] = `
<div
  className="sc-bdVaJa cEXbJD"
>
  <h1
    className="sc-bwzfXH hYnKEf"
  >
    MyReads
  </h1>
</div>
`;
