// Jest Snapshot v1, https://goo.gl/fbAQLP

exports[`Footer renders correctly 1`] = `
<footer
  className="footer-wrapper"
>
  <div
    className="footer-text"
  >
    Built with â™¥ by 
    <a
      href="https://github.com/cubiio"
    >
      Cubiio
    </a>
    . View source code on
     
    <a
      href="https://github.com/cubiio/reactnd-myreads"
    >
      Github
    </a>
    .
  </div>
</footer>
`;
