// Jest Snapshot v1, https://goo.gl/fbAQLP

exports[`Header renders correctly 1`] = `
<div
  className="list-books-title"
>
  <h1>
    MyReads
  </h1>
</div>
`;
